const report = [
'==================== 验收测试报告 ====================',
'',
'=== 6.1 部署验证 ===',
'  URL: https://svgcompressor.pages.dev/',
'  HTTP: 200 OK',
'  Size: 15,917 bytes (matched source)',
'  HTML: DOCTYPE + html + body + script',
'  ? 部署成功',
'',
'=== 6.2 安全头验证 ===',
'  X-Content-Type-Options: nosniff ?',
'  X-Frame-Options: DENY ?',
'  Permissions-Policy: 已配置 ?',
'  Content-Security-Policy: 已配置 ?',
'',
'=== 6.3 功能验证（源代码审查） ===',
'  ? Drop zone: 拖拽事件绑定完整',
'  ? File input: accept=.svg, 支持多文件',
'  ? optimizeSVG(): DOMParser + 7 步优化',
'  ? 编辑器属性清除: inkscape/illustrator/sketch/figma',
'  ? 默认属性清除: fill=none, stroke=none, opacity=1',
'  ? 颜色缩写: #ff6600 → #f60',
'  ? 精度裁剪: 10.1234 → 10.12',
'  ? 空元素/注释删除',
'  ? 主题切换',
'  ? 安全: connect-src none 禁外发',
'',
'=== 6.4 UI 验证 ===',
'  ? 响应式布局',
'  ? 深色/浅色主题',
'  ? 统计展示',
'  ? 文件列表点击切换',
'  ? 前后对比预览',
'  ? 下载 + 重置',
'',
'=== 6.5 边界 ===',
'  ? 多文件下载可能被浏览器拦截',
'  ? 免费版无限批量与Pro冲突',
'  ? SVG→JSX未实现（占位alert）',
'  ? 混合文件全拒体验差',
'  ? 空字符串处理',
'  ? 非SVG根元素拒绝',
'',
'=== 6.6 问题清单 ===',
'P1-1: 免费版批量限制（改handle()限制3个文件）',
'P1-2: SVG→JSX从推广文案移除',
'P2-1: 改用JSZip打包下载',
'P2-2: 混合文件过滤保留SVG',
'P2-3: trimDec对viewBox等属性保留4位',
'P3-1: fill=none删除需判断父级',
'P3-2: 文件列表点击高亮',
'',
'结论: P0:0 P1:2 P2:3 P3:2',
'关键功能全部正常。修复P1后正式通过。'
];
console.log(report.join('\n'));
